src/app/pages/CommuteArena.tsx(2,17): error TS6133: 'FaMapMarkerAlt' is declared but its value is never read.
src/app/pages/CommuteArena.tsx(139,17): error TS2353: Object literal may only specify known properties, and 'to' does not exist in type 'PaymentTransactionParams & CommonTransactionParams'.
src/app/pages/CommuteArena.tsx(148,21): error TS2339: Property 'txId' does not exist on type 'PostTransactionsResponse'.
